Running FTP Access Utility...
Select dataset type (3day / geomag / daypre): geomag
Connected to ftp.ngdc.noaa.gov
Downloading 20241201geomag_forecast.txt
Saved 20241201geomag_forecast.txt -> C:\SPIDER\data\20241201_20250331_raw\2024\12\20241201geomag_forecast.txt
Downloading 20241202geomag_forecast.txt
Saved 20241202geomag_forecast.txt -> C:\SPIDER\data\20241201_20250331_raw\2024\12\20241202geomag_forecast.txt
Downloading 20241203geomag_forecast.txt
Saved 20241203geomag_forecast.txt -> C:\SPIDER\data\20241201_20250331_raw\2024\12\20241203geomag_forecast.txt
Downloading 20241204geomag_forecast.txt
Saved 20241204geomag_forecast.txt -> C:\SPIDER\data\20241201_20250331_raw\2024\12\20241204geomag_forecast.txt
Downloading 20241205geomag_forecast.txt
Saved 20241205geomag_forecast.txt -> C:\SPIDER\data\20241201_20250331_raw\2024\12\20241205geomag_forecast.txt
Downloading 20241206geomag_forecast.txt
Saved 20241206geomag_forecast.txt -> C:\SPIDER\data\20241201_20250331_raw\2024\12\20241206geomag_forecast.txt
Downloading 20241207geomag_forecast.txt
Saved 20241207geomag_forecast.txt -> C:\SPIDER\data\20241201_20250331_raw\2024\12\20241207geomag_forecast.txt
Downloading 20241208geomag_forecast.txt
Saved 20241208geomag_forecast.txt -> C:\SPIDER\data\20241201_20250331_raw\2024\12\20241208geomag_forecast.txt
Downloading 20241209geomag_forecast.txt
Saved 20241209geomag_forecast.txt -> C:\SPIDER\data\20241201_20250331_raw\2024\12\20241209geomag_forecast.txt
Downloading 20241210geomag_forecast.txt
Saved 20241210geomag_forecast.txt -> C:\SPIDER\data\20241201_20250331_raw\2024\12\20241210geomag_forecast.txt
Downloading 20241211geomag_forecast.txt
Saved 20241211geomag_forecast.txt -> C:\SPIDER\data\20241201_20250331_raw\2024\12\20241211geomag_forecast.txt
Downloading 20241212geomag_forecast.txt
Saved 20241212geomag_forecast.txt -> C:\SPIDER\data\20241201_20250331_raw\2024\12\20241212geomag_forecast.txt
Downloading 20241213geomag_forecast.txt
Saved 20241213geomag_forecast.txt -> C:\SPIDER\data\20241201_20250331_raw\2024\12\20241213geomag_forecast.txt
Downloading 20241214geomag_forecast.txt
Saved 20241214geomag_forecast.txt -> C:\SPIDER\data\20241201_20250331_raw\2024\12\20241214geomag_forecast.txt
Downloading 20241215geomag_forecast.txt
Saved 20241215geomag_forecast.txt -> C:\SPIDER\data\20241201_20250331_raw\2024\12\20241215geomag_forecast.txt
Downloading 20241216geomag_forecast.txt
Saved 20241216geomag_forecast.txt -> C:\SPIDER\data\20241201_20250331_raw\2024\12\20241216geomag_forecast.txt
Downloading 20241217geomag_forecast.txt
Saved 20241217geomag_forecast.txt -> C:\SPIDER\data\20241201_20250331_raw\2024\12\20241217geomag_forecast.txt
Downloading 20241218geomag_forecast.txt
Saved 20241218geomag_forecast.txt -> C:\SPIDER\data\20241201_20250331_raw\2024\12\20241218geomag_forecast.txt
Downloading 20241219geomag_forecast.txt
Saved 20241219geomag_forecast.txt -> C:\SPIDER\data\20241201_20250331_raw\2024\12\20241219geomag_forecast.txt
Downloading 20241220geomag_forecast.txt
Saved 20241220geomag_forecast.txt -> C:\SPIDER\data\20241201_20250331_raw\2024\12\20241220geomag_forecast.txt
Downloading 20241221geomag_forecast.txt
Saved 20241221geomag_forecast.txt -> C:\SPIDER\data\20241201_20250331_raw\2024\12\20241221geomag_forecast.txt
Downloading 20241222geomag_forecast.txt
Saved 20241222geomag_forecast.txt -> C:\SPIDER\data\20241201_20250331_raw\2024\12\20241222geomag_forecast.txt
Downloading 20241223geomag_forecast.txt
Saved 20241223geomag_forecast.txt -> C:\SPIDER\data\20241201_20250331_raw\2024\12\20241223geomag_forecast.txt
Downloading 20241224geomag_forecast.txt
Saved 20241224geomag_forecast.txt -> C:\SPIDER\data\20241201_20250331_raw\2024\12\20241224geomag_forecast.txt
Downloading 20241225geomag_forecast.txt
Saved 20241225geomag_forecast.txt -> C:\SPIDER\data\20241201_20250331_raw\2024\12\20241225geomag_forecast.txt
Downloading 20241226geomag_forecast.txt
Saved 20241226geomag_forecast.txt -> C:\SPIDER\data\20241201_20250331_raw\2024\12\20241226geomag_forecast.txt
Downloading 20241227geomag_forecast.txt
Saved 20241227geomag_forecast.txt -> C:\SPIDER\data\20241201_20250331_raw\2024\12\20241227geomag_forecast.txt
Downloading 20241228geomag_forecast.txt
Saved 20241228geomag_forecast.txt -> C:\SPIDER\data\20241201_20250331_raw\2024\12\20241228geomag_forecast.txt
Downloading 20241229geomag_forecast.txt
Saved 20241229geomag_forecast.txt -> C:\SPIDER\data\20241201_20250331_raw\2024\12\20241229geomag_forecast.txt
Downloading 20241230geomag_forecast.txt
Saved 20241230geomag_forecast.txt -> C:\SPIDER\data\20241201_20250331_raw\2024\12\20241230geomag_forecast.txt
Downloading 20241231geomag_forecast.txt
Saved 20241231geomag_forecast.txt -> C:\SPIDER\data\20241201_20250331_raw\2024\12\20241231geomag_forecast.txt
Downloading 20250101geomag_forecast.txt
Saved 20250101geomag_forecast.txt -> C:\SPIDER\data\20241201_20250331_raw\2025\01\20250101geomag_forecast.txt
Downloading 20250102geomag_forecast.txt
Saved 20250102geomag_forecast.txt -> C:\SPIDER\data\20241201_20250331_raw\2025\01\20250102geomag_forecast.txt
Downloading 20250103geomag_forecast.txt
Saved 20250103geomag_forecast.txt -> C:\SPIDER\data\20241201_20250331_raw\2025\01\20250103geomag_forecast.txt
Downloading 20250104geomag_forecast.txt
Saved 20250104geomag_forecast.txt -> C:\SPIDER\data\20241201_20250331_raw\2025\01\20250104geomag_forecast.txt
Downloading 20250105geomag_forecast.txt
Saved 20250105geomag_forecast.txt -> C:\SPIDER\data\20241201_20250331_raw\2025\01\20250105geomag_forecast.txt
Downloading 20250106geomag_forecast.txt
Saved 20250106geomag_forecast.txt -> C:\SPIDER\data\20241201_20250331_raw\2025\01\20250106geomag_forecast.txt
Downloading 20250107geomag_forecast.txt
Saved 20250107geomag_forecast.txt -> C:\SPIDER\data\20241201_20250331_raw\2025\01\20250107geomag_forecast.txt
Downloading 20250108geomag_forecast.txt
Saved 20250108geomag_forecast.txt -> C:\SPIDER\data\20241201_20250331_raw\2025\01\20250108geomag_forecast.txt
Downloading 20250109geomag_forecast.txt
Saved 20250109geomag_forecast.txt -> C:\SPIDER\data\20241201_20250331_raw\2025\01\20250109geomag_forecast.txt
Downloading 20250110geomag_forecast.txt
Saved 20250110geomag_forecast.txt -> C:\SPIDER\data\20241201_20250331_raw\2025\01\20250110geomag_forecast.txt
Downloading 20250111geomag_forecast.txt
Saved 20250111geomag_forecast.txt -> C:\SPIDER\data\20241201_20250331_raw\2025\01\20250111geomag_forecast.txt
Downloading 20250112geomag_forecast.txt
Saved 20250112geomag_forecast.txt -> C:\SPIDER\data\20241201_20250331_raw\2025\01\20250112geomag_forecast.txt
Downloading 20250113geomag_forecast.txt
Saved 20250113geomag_forecast.txt -> C:\SPIDER\data\20241201_20250331_raw\2025\01\20250113geomag_forecast.txt
Downloading 20250114geomag_forecast.txt
Saved 20250114geomag_forecast.txt -> C:\SPIDER\data\20241201_20250331_raw\2025\01\20250114geomag_forecast.txt
Downloading 20250115geomag_forecast.txt
Saved 20250115geomag_forecast.txt -> C:\SPIDER\data\20241201_20250331_raw\2025\01\20250115geomag_forecast.txt
Downloading 20250116geomag_forecast.txt
Saved 20250116geomag_forecast.txt -> C:\SPIDER\data\20241201_20250331_raw\2025\01\20250116geomag_forecast.txt
Downloading 20250117geomag_forecast.txt
Saved 20250117geomag_forecast.txt -> C:\SPIDER\data\20241201_20250331_raw\2025\01\20250117geomag_forecast.txt
Downloading 20250118geomag_forecast.txt
Saved 20250118geomag_forecast.txt -> C:\SPIDER\data\20241201_20250331_raw\2025\01\20250118geomag_forecast.txt
Downloading 20250119geomag_forecast.txt
Saved 20250119geomag_forecast.txt -> C:\SPIDER\data\20241201_20250331_raw\2025\01\20250119geomag_forecast.txt
Downloading 20250120geomag_forecast.txt
Saved 20250120geomag_forecast.txt -> C:\SPIDER\data\20241201_20250331_raw\2025\01\20250120geomag_forecast.txt
Downloading 20250121geomag_forecast.txt
Saved 20250121geomag_forecast.txt -> C:\SPIDER\data\20241201_20250331_raw\2025\01\20250121geomag_forecast.txt
Downloading 20250122geomag_forecast.txt
Saved 20250122geomag_forecast.txt -> C:\SPIDER\data\20241201_20250331_raw\2025\01\20250122geomag_forecast.txt
Downloading 20250123geomag_forecast.txt
Saved 20250123geomag_forecast.txt -> C:\SPIDER\data\20241201_20250331_raw\2025\01\20250123geomag_forecast.txt
Downloading 20250124geomag_forecast.txt
Saved 20250124geomag_forecast.txt -> C:\SPIDER\data\20241201_20250331_raw\2025\01\20250124geomag_forecast.txt
Downloading 20250125geomag_forecast.txt
Saved 20250125geomag_forecast.txt -> C:\SPIDER\data\20241201_20250331_raw\2025\01\20250125geomag_forecast.txt
Downloading 20250126geomag_forecast.txt
Saved 20250126geomag_forecast.txt -> C:\SPIDER\data\20241201_20250331_raw\2025\01\20250126geomag_forecast.txt
Downloading 20250127geomag_forecast.txt
Saved 20250127geomag_forecast.txt -> C:\SPIDER\data\20241201_20250331_raw\2025\01\20250127geomag_forecast.txt
Downloading 20250128geomag_forecast.txt
Saved 20250128geomag_forecast.txt -> C:\SPIDER\data\20241201_20250331_raw\2025\01\20250128geomag_forecast.txt
Downloading 20250129geomag_forecast.txt
Saved 20250129geomag_forecast.txt -> C:\SPIDER\data\20241201_20250331_raw\2025\01\20250129geomag_forecast.txt
Downloading 20250130geomag_forecast.txt
Saved 20250130geomag_forecast.txt -> C:\SPIDER\data\20241201_20250331_raw\2025\01\20250130geomag_forecast.txt
Downloading 20250131geomag_forecast.txt
Saved 20250131geomag_forecast.txt -> C:\SPIDER\data\20241201_20250331_raw\2025\01\20250131geomag_forecast.txt
Downloading 20250201geomag_forecast.txt
Saved 20250201geomag_forecast.txt -> C:\SPIDER\data\20241201_20250331_raw\2025\02\20250201geomag_forecast.txt
Downloading 20250202geomag_forecast.txt
Saved 20250202geomag_forecast.txt -> C:\SPIDER\data\20241201_20250331_raw\2025\02\20250202geomag_forecast.txt
Downloading 20250203geomag_forecast.txt
Saved 20250203geomag_forecast.txt -> C:\SPIDER\data\20241201_20250331_raw\2025\02\20250203geomag_forecast.txt
Downloading 20250204geomag_forecast.txt
Saved 20250204geomag_forecast.txt -> C:\SPIDER\data\20241201_20250331_raw\2025\02\20250204geomag_forecast.txt
Downloading 20250205geomag_forecast.txt
Saved 20250205geomag_forecast.txt -> C:\SPIDER\data\20241201_20250331_raw\2025\02\20250205geomag_forecast.txt
Downloading 20250206geomag_forecast.txt
Saved 20250206geomag_forecast.txt -> C:\SPIDER\data\20241201_20250331_raw\2025\02\20250206geomag_forecast.txt
Downloading 20250207geomag_forecast.txt
Saved 20250207geomag_forecast.txt -> C:\SPIDER\data\20241201_20250331_raw\2025\02\20250207geomag_forecast.txt
Downloading 20250208geomag_forecast.txt
Saved 20250208geomag_forecast.txt -> C:\SPIDER\data\20241201_20250331_raw\2025\02\20250208geomag_forecast.txt
Downloading 20250209geomag_forecast.txt
Saved 20250209geomag_forecast.txt -> C:\SPIDER\data\20241201_20250331_raw\2025\02\20250209geomag_forecast.txt
Downloading 20250210geomag_forecast.txt
Saved 20250210geomag_forecast.txt -> C:\SPIDER\data\20241201_20250331_raw\2025\02\20250210geomag_forecast.txt
Downloading 20250211geomag_forecast.txt
Saved 20250211geomag_forecast.txt -> C:\SPIDER\data\20241201_20250331_raw\2025\02\20250211geomag_forecast.txt
Downloading 20250212geomag_forecast.txt
Saved 20250212geomag_forecast.txt -> C:\SPIDER\data\20241201_20250331_raw\2025\02\20250212geomag_forecast.txt
Downloading 20250213geomag_forecast.txt
Saved 20250213geomag_forecast.txt -> C:\SPIDER\data\20241201_20250331_raw\2025\02\20250213geomag_forecast.txt
Downloading 20250214geomag_forecast.txt
Saved 20250214geomag_forecast.txt -> C:\SPIDER\data\20241201_20250331_raw\2025\02\20250214geomag_forecast.txt
Downloading 20250215geomag_forecast.txt
Saved 20250215geomag_forecast.txt -> C:\SPIDER\data\20241201_20250331_raw\2025\02\20250215geomag_forecast.txt
Downloading 20250216geomag_forecast.txt
Saved 20250216geomag_forecast.txt -> C:\SPIDER\data\20241201_20250331_raw\2025\02\20250216geomag_forecast.txt
Downloading 20250217geomag_forecast.txt
Saved 20250217geomag_forecast.txt -> C:\SPIDER\data\20241201_20250331_raw\2025\02\20250217geomag_forecast.txt
Downloading 20250218geomag_forecast.txt
Saved 20250218geomag_forecast.txt -> C:\SPIDER\data\20241201_20250331_raw\2025\02\20250218geomag_forecast.txt
Downloading 20250219geomag_forecast.txt
Saved 20250219geomag_forecast.txt -> C:\SPIDER\data\20241201_20250331_raw\2025\02\20250219geomag_forecast.txt
Downloading 20250220geomag_forecast.txt
Saved 20250220geomag_forecast.txt -> C:\SPIDER\data\20241201_20250331_raw\2025\02\20250220geomag_forecast.txt
Downloading 20250221geomag_forecast.txt
Saved 20250221geomag_forecast.txt -> C:\SPIDER\data\20241201_20250331_raw\2025\02\20250221geomag_forecast.txt
Downloading 20250222geomag_forecast.txt
Saved 20250222geomag_forecast.txt -> C:\SPIDER\data\20241201_20250331_raw\2025\02\20250222geomag_forecast.txt
Downloading 20250223geomag_forecast.txt
Saved 20250223geomag_forecast.txt -> C:\SPIDER\data\20241201_20250331_raw\2025\02\20250223geomag_forecast.txt
Downloading 20250224geomag_forecast.txt
Saved 20250224geomag_forecast.txt -> C:\SPIDER\data\20241201_20250331_raw\2025\02\20250224geomag_forecast.txt
Downloading 20250225geomag_forecast.txt
Saved 20250225geomag_forecast.txt -> C:\SPIDER\data\20241201_20250331_raw\2025\02\20250225geomag_forecast.txt
Downloading 20250226geomag_forecast.txt
Saved 20250226geomag_forecast.txt -> C:\SPIDER\data\20241201_20250331_raw\2025\02\20250226geomag_forecast.txt
Downloading 20250227geomag_forecast.txt
Saved 20250227geomag_forecast.txt -> C:\SPIDER\data\20241201_20250331_raw\2025\02\20250227geomag_forecast.txt
Downloading 20250228geomag_forecast.txt
Saved 20250228geomag_forecast.txt -> C:\SPIDER\data\20241201_20250331_raw\2025\02\20250228geomag_forecast.txt
Downloading 20250301geomag_forecast.txt
Saved 20250301geomag_forecast.txt -> C:\SPIDER\data\20241201_20250331_raw\2025\03\20250301geomag_forecast.txt
Downloading 20250302geomag_forecast.txt
Saved 20250302geomag_forecast.txt -> C:\SPIDER\data\20241201_20250331_raw\2025\03\20250302geomag_forecast.txt
Downloading 20250303geomag_forecast.txt
Saved 20250303geomag_forecast.txt -> C:\SPIDER\data\20241201_20250331_raw\2025\03\20250303geomag_forecast.txt
Downloading 20250304geomag_forecast.txt
Saved 20250304geomag_forecast.txt -> C:\SPIDER\data\20241201_20250331_raw\2025\03\20250304geomag_forecast.txt
Downloading 20250305geomag_forecast.txt
Saved 20250305geomag_forecast.txt -> C:\SPIDER\data\20241201_20250331_raw\2025\03\20250305geomag_forecast.txt
Downloading 20250306geomag_forecast.txt
Saved 20250306geomag_forecast.txt -> C:\SPIDER\data\20241201_20250331_raw\2025\03\20250306geomag_forecast.txt
Downloading 20250307geomag_forecast.txt
Saved 20250307geomag_forecast.txt -> C:\SPIDER\data\20241201_20250331_raw\2025\03\20250307geomag_forecast.txt
Downloading 20250308geomag_forecast.txt
Saved 20250308geomag_forecast.txt -> C:\SPIDER\data\20241201_20250331_raw\2025\03\20250308geomag_forecast.txt
Downloading 20250309geomag_forecast.txt
Saved 20250309geomag_forecast.txt -> C:\SPIDER\data\20241201_20250331_raw\2025\03\20250309geomag_forecast.txt
Downloading 20250310geomag_forecast.txt
Saved 20250310geomag_forecast.txt -> C:\SPIDER\data\20241201_20250331_raw\2025\03\20250310geomag_forecast.txt
Downloading 20250311geomag_forecast.txt
Saved 20250311geomag_forecast.txt -> C:\SPIDER\data\20241201_20250331_raw\2025\03\20250311geomag_forecast.txt
Downloading 20250312geomag_forecast.txt
Saved 20250312geomag_forecast.txt -> C:\SPIDER\data\20241201_20250331_raw\2025\03\20250312geomag_forecast.txt
Downloading 20250313geomag_forecast.txt
Saved 20250313geomag_forecast.txt -> C:\SPIDER\data\20241201_20250331_raw\2025\03\20250313geomag_forecast.txt
Downloading 20250314geomag_forecast.txt
Saved 20250314geomag_forecast.txt -> C:\SPIDER\data\20241201_20250331_raw\2025\03\20250314geomag_forecast.txt
Downloading 20250315geomag_forecast.txt
Saved 20250315geomag_forecast.txt -> C:\SPIDER\data\20241201_20250331_raw\2025\03\20250315geomag_forecast.txt
Downloading 20250316geomag_forecast.txt
Saved 20250316geomag_forecast.txt -> C:\SPIDER\data\20241201_20250331_raw\2025\03\20250316geomag_forecast.txt
Downloading 20250317geomag_forecast.txt
Saved 20250317geomag_forecast.txt -> C:\SPIDER\data\20241201_20250331_raw\2025\03\20250317geomag_forecast.txt
Downloading 20250318geomag_forecast.txt
Saved 20250318geomag_forecast.txt -> C:\SPIDER\data\20241201_20250331_raw\2025\03\20250318geomag_forecast.txt
Downloading 20250319geomag_forecast.txt
Saved 20250319geomag_forecast.txt -> C:\SPIDER\data\20241201_20250331_raw\2025\03\20250319geomag_forecast.txt
Downloading 20250320geomag_forecast.txt
Saved 20250320geomag_forecast.txt -> C:\SPIDER\data\20241201_20250331_raw\2025\03\20250320geomag_forecast.txt
Downloading 20250321geomag_forecast.txt
Saved 20250321geomag_forecast.txt -> C:\SPIDER\data\20241201_20250331_raw\2025\03\20250321geomag_forecast.txt
Downloading 20250322geomag_forecast.txt
Saved 20250322geomag_forecast.txt -> C:\SPIDER\data\20241201_20250331_raw\2025\03\20250322geomag_forecast.txt
Downloading 20250323geomag_forecast.txt
Saved 20250323geomag_forecast.txt -> C:\SPIDER\data\20241201_20250331_raw\2025\03\20250323geomag_forecast.txt
Saved 20250323geomag_forecast.txt -> C:\SPIDER\data\20241201_20250331_raw\2025\03\20250323geomag_forecast.txt
Downloading 20250324geomag_forecast.txt
Saved 20250324geomag_forecast.txt -> C:\SPIDER\data\20241201_20250331_raw\2025\03\20250324geomag_forecast.txt
Downloading 20250325geomag_forecast.txt
Saved 20250325geomag_forecast.txt -> C:\SPIDER\data\20241201_20250331_raw\2025\03\20250325geomag_forecast.txt
Downloading 20250326geomag_forecast.txt
Saved 20250326geomag_forecast.txt -> C:\SPIDER\data\20241201_20250331_raw\2025\03\20250326geomag_forecast.txt
Downloading 20250327geomag_forecast.txt
Saved 20250327geomag_forecast.txt -> C:\SPIDER\data\20241201_20250331_raw\2025\03\20250327geomag_forecast.txt
Downloading 20250328geomag_forecast.txt
Saved 20250328geomag_forecast.txt -> C:\SPIDER\data\20241201_20250331_raw\2025\03\20250328geomag_forecast.txt
Downloading 20250329geomag_forecast.txt
Saved 20250329geomag_forecast.txt -> C:\SPIDER\data\20241201_20250331_raw\2025\03\20250329geomag_forecast.txt
Downloading 20250330geomag_forecast.txt
Saved 20250330geomag_forecast.txt -> C:\SPIDER\data\20241201_20250331_raw\2025\03\20250330geomag_forecast.txt
Downloading 20250331geomag_forecast.txt
Saved 20250331geomag_forecast.txt -> C:\SPIDER\data\20241201_20250331_raw\2025\03\20250331geomag_forecast.txt
Download complete. Files saved to: C:\SPIDER\data\20241201_20250331_raw